---
source: src/ui/mod.rs
expression: render_to_string(&mut app)
---
  ⬡ Ledger Dashboard
╭──────────────────────────────────────────────────────────────────────────────────────────────────────────────────────╮
│   Dashboard   │   Accounts   │   Monthly   │   Register   │   Portfolio                                              │
╰──────────────────────────────────────────────────────────────────────────────────────────────────────────────────────╯
╭ Net Worth History [All]  Net Worth: 15.000,00 €  ◀ ▶ ────────────────────────────────────────────────────────────────╮
│                                                    Not enough data                                                   │
│                                                                                                                      │
│                                                                                                                      │
│                                                                                                                      │
│                                                                                                                      │
│                                                                                                                      │
│                                                                                                                      │
│                                                                                                                      │
│                                                                                                                      │
╰──────────────────────────────────────────────────────────────────────────────────────────────────────────────────────╯
╭ Asset Balances  [i] focus  [Enter drill-down]  [type to filter] ─────────────────────────────────────────────────────╮
│  Account                                           Balance (€)                                                       │
│                                                                                                                      │
│▶   bank:checking                                        5.000,00 €  ████████████                                     │
│    savings                                             10.000,00 €  ████████████████████████                         │
│                                                                                                                      │
│                                                                                                                      │
│                                                                                                                      │
│                                                                                                                      │
│                                                                                                                      │
│                                                                                                                      │
│                                                                                                                      │
│                                                                                                                      │
│                                                                                                                      │
│                                                                                                                      │
│                                                                                                                      │
│                                                                                                                      │
│                                                                                                                      │
│                                                                                                                      │
│                                                                                                                      │
│                                                                                                                      │
│                                                                                                                      │
│                                                                                                                      │
╰──────────────────────────────────────────────────────────────────────────────────────────────────────────────────────╯
Test mode  [1-4] tab  [↑↓/jk] navigate  [PgUp/PgDn/Home/End] scroll  [←→/hl] month/range  [^O] open file  [r] refresh  [
