---
source: src/ui/mod.rs
expression: render_to_string(&mut app)
---
  ⬡ Ledger Dashboard
╭──────────────────────────────────────────────────────────────────────────────────────────────────────────────────────╮
│   Accounts   │   Monthly   │   Register   │   Portfolio                                                              │
╰──────────────────────────────────────────────────────────────────────────────────────────────────────────────────────╯
╭ Query  [Enter apply]  [Esc rows] ────────────────────────────────────────────────────────────────────────────────────╮
│  /                                                                                                                   │
╰──────────────────────────────────────────────────────────────────────────────────────────────────────────────────────╯
  2026-08  [h/l month]  [Enter txn]
╭ Register ────────────────────────────────────────────────────────────────────────────────────────────────────────────╮
│                                              No transactions this month                                              │
│                                                                                                                      │
│                                                                                                                      │
│                                                                                                                      │
│                                                                                                                      │
│                                                                                                                      │
│                                                                                                                      │
│                                                                                                                      │
│                                                                                                                      │
│                                                                                                                      │
│                                                                                                                      │
│                                                                                                                      │
│                                                                                                                      │
│                                                                                                                      │
│                                                                                                                      │
│                                                                                                                      │
│                                                                                                                      │
│                                                                                                                      │
│                                                                                                                      │
│                                                                                                                      │
│                                                                                                                      │
│                                                                                                                      │
│                                                                                                                      │
│                                                                                                                      │
│                                                                                                                      │
│                                                                                                                      │
│                                                                                                                      │
│                                                                                                                      │
│                                                                                                                      │
╰──────────────────────────────────────────────────────────────────────────────────────────────────────────────────────╯
Test mode  [1-4] tab  [↑↓/jk] navigate  [PgUp/PgDn/Home/End] scroll  [←→/hl] month/range  [^O] open file  [r] refresh  [
