---
source: src/ui/mod.rs
expression: render_to_string(&mut app)
---
  ⬡ Ledger Dashboard
╭──────────────────────────────────────────────────────────────────────────────────────────────────────────────────────╮
│   Accounts   │   Monthly   │   Register   │   Portfolio                                                              │
╰──────────────────────────────────────────────────────────────────────────────────────────────────────────────────────╯
╭ Net Worth History [All]  Net Worth: 0,00 €  ◀ ▶ ─────────────────────────────────────────────────────────────────────╮
│                                                    Not enough data                                                   │
│                                                                                                                      │
│                                                                                                                      │
│                                                                                                                      │
│                                                                                                                      │
│                                                                                                                      │
│                                                                                                                      │
│                                                                                                                      │
│                                                                                                                      │
╰──────────────────────────────────────────────────────────────────────────────────────────────────────────────────────╯
╭ Asset Balances  [i] focus  [Enter drill-down]  [type to filter] ─────────────────────────────────────────────────────╮
│Account                                            Balance (€)                                                        │
│                                                                                                                      │
│                                                                                                                      │
│                                                                                                                      │
│                                                                                                                      │
│                                                                                                                      │
│                                                                                                                      │
│                                                                                                                      │
│                                                                                                                      │
│                                                                                                                      │
│                                                                                                                      │
│                                                                                                                      │
│                                                                                                                      │
│                                                                                                                      │
│                                                                                                                      │
│                                                                                                                      │
│                                                                                                                      │
│                                                                                                                      │
│                                                                                                                      │
│                                                                                                                      │
│                                                                                                                      │
│                                                                                                                      │
╰──────────────────────────────────────────────────────────────────────────────────────────────────────────────────────╯
Test mode  [1-4] tab  [↑↓/jk] navigate  [PgUp/PgDn/Home/End] scroll  [←→/hl] month/range  [^O] open file  [r] refresh  [
